********************************************************************************
DUPLICATOR-LITE PACKAGE-LOG: March 26, 2026 10:19 am
NOTICE: Do NOT post to public sites or forums 
********************************************************************************
VERSION:	1.5.12
WORDPRESS:	6.9.4
PHP INFO:	8.2.30 | SAPI: apache2handler
SERVER:		Apache/2.4.52 (Ubuntu) 
PHP TIME LIMIT: (0) no time limit imposed 
PHP MAX MEMORY: 4294967296 (128M default) 
MEMORY STACK: 6MB

********************************************************************************
DATABASE:
********************************************************************************
BUILD MODE:   MYSQLDUMP
MYSQLTIMEOUT: 5000
MYSQLDUMP:    Is Supported
SQL CREATED: 20250124_companyname_78a8e02c8603f2679628_20260326101932_database.sql
SQL FILE SIZE: 20.4MB (21386822)
SQL FILE TIME: 2026-03-26 10:19:42
SQL RUNTIME: 0.24 sec.

********************************************************************************
ARCHIVE (ZIP):
********************************************************************************
ARCHIVE DIR:  /var/www/html/theme2
ARCHIVE FILE: 20250124_companyname_78a8e02c8603f2679628_20260326101932_archive.zip
FILTERS: *OFF*
DIRS:
	not set
FILES:
	not set
EXTS:  not set
----------------------------------------
COMPRESSING
SIZE:	165.83MB
STATS:	Dirs 813 | Files 6,019
SQL ADDED: 20250124_companyname_78a8e02c8603f2679628_20260326101932_database.sql
ZipArchive Object
(
    [lastId] => 6831
    [status] => 0
    [statusSys] => 0
    [numFiles] => 6832
    [filename] => /var/www/html/theme2/wp-content/backups-dup-lite/tmp/20250124_companyname_78a8e02c8603f2679628_20260326101932_archive.zip
    [comment] => 
)

FILE ADDED TO ZIP: 6831
COMPRESSION RESULT: '1'
COMPRESSED SIZE: 83.32MB
ARCHIVE RUNTIME: 10.17 sec.
MEMORY STACK: 8MB
building installer
ARCHIVE CONSISTENCY TEST: PASS

********************************************************************************
INTEGRITY CHECKS:
********************************************************************************
SQL FILE: 20.4MB
INSTALLER FILE: 73.49KB
ARCHIVE FILE: 85.2MB 
EXPECTED FILE/DIRECTORY COUNT: 6,832
ACTUAL FILE/DIRECTORY COUNT: 6,831
ARCHIVE CONSISTENCY TEST: Pass

********************************************************************************
RECORD ID:[2]
TOTAL PROCESS RUNTIME: 11.77 sec.
PEAK PHP MEMORY USED: 8MB
DONE PROCESSING => 20250124_companyname March 26, 2026 10:19 am

